Traceback (most recent call last):
  File "/Users/usuario/Desktop/work/ProjetoPessoal/Projects/dubber/app/main.py", line 375, in worker
    self.xtts.synthesize_smart_to_file(
  File "/Users/usuario/Desktop/work/ProjetoPessoal/Projects/dubber/app/engines/tts_xtts.py", line 166, in synthesize_smart_to_file
    self._tts_to_file_nosplit(seg_text, seg_file, speaker_wav, language)
  File "/Users/usuario/Desktop/work/ProjetoPessoal/Projects/dubber/app/engines/tts_xtts.py", line 116, in _tts_to_file_nosplit
    self.tts.tts_to_file(
  File "/Library/Frameworks/Python.framework/Versions/3.11/lib/python3.11/site-packages/TTS/api.py", line 334, in tts_to_file
    wav = self.tts(
          ^^^^^^^^^
  File "/Library/Frameworks/Python.framework/Versions/3.11/lib/python3.11/site-packages/TTS/api.py", line 276, in tts
    wav = self.synthesizer.tts(
          ^^^^^^^^^^^^^^^^^^^^^
  File "/Library/Frameworks/Python.framework/Versions/3.11/lib/python3.11/site-packages/TTS/utils/synthesizer.py", line 386, in tts
    outputs = self.tts_model.synthesize(
              ^^^^^^^^^^^^^^^^^^^^^^^^^^
  File "/Library/Frameworks/Python.framework/Versions/3.11/lib/python3.11/site-packages/TTS/tts/models/xtts.py", line 419, in synthesize
    return self.full_inference(text, speaker_wav, language, **settings)
           ^^^^^^^^^^^^^^^^^^^^^^^^^^^^^^^^^^^^^^^^^^^^^^^^^^^^^^^^^^^^
  File "/Library/Frameworks/Python.framework/Versions/3.11/lib/python3.11/site-packages/torch/utils/_contextlib.py", line 115, in decorate_context
    return func(*args, **kwargs)
           ^^^^^^^^^^^^^^^^^^^^^
  File "/Library/Frameworks/Python.framework/Versions/3.11/lib/python3.11/site-packages/TTS/tts/models/xtts.py", line 488, in full_inference
    return self.inference(
           ^^^^^^^^^^^^^^^
  File "/Library/Frameworks/Python.framework/Versions/3.11/lib/python3.11/site-packages/torch/utils/_contextlib.py", line 115, in decorate_context
    return func(*args, **kwargs)
           ^^^^^^^^^^^^^^^^^^^^^
  File "/Library/Frameworks/Python.framework/Versions/3.11/lib/python3.11/site-packages/TTS/tts/models/xtts.py", line 541, in inference
    gpt_codes = self.gpt.generate(
                ^^^^^^^^^^^^^^^^^^
  File "/Library/Frameworks/Python.framework/Versions/3.11/lib/python3.11/site-packages/TTS/tts/layers/xtts/gpt.py", line 590, in generate
    gen = self.gpt_inference.generate(
          ^^^^^^^^^^^^^^^^^^^^^^^^^^^
  File "/Library/Frameworks/Python.framework/Versions/3.11/lib/python3.11/site-packages/torch/nn/modules/module.py", line 1688, in __getattr__
    raise AttributeError(f"'{type(self).__name__}' object has no attribute '{name}'")
AttributeError: 'GPT2InferenceModel' object has no attribute 'generate'
